[www.trustedconsumersreviews.com/best-toenail-fungus-alternatives-stv25/index.html]
[backblue.gif]
[fade.gif]
[index.html]
[cdn.pagesense.io/js/arquett/666e71ab098245e99dd7467e5639622b.js]
[app.varify.io/varify.js]
[www.trustedconsumersreviews.com/best-toenail-fungus-alternatives-stv25/edu.au]
[www.trustedconsumersreviews.com/best-toenail-fungus-alternatives-stv25/net.au]
[www.trustedconsumersreviews.com/best-toenail-fungus-alternatives-stv25/com.au]
[www.trustedconsumersreviews.com/best-toenail-fungus-alternatives-stv25/gov.au]
[www.trustedconsumersreviews.com/wp-content/uploads/2024/04/logo.png]
[www.trustedconsumersreviews.com/wp-content/uploads/2025/11/af-hero-bf-1.jpg]
[www.trustedconsumersreviews.com/wp-content/uploads/2025/11/AFS-1.jpg]
[www.trustedconsumersreviews.com/wp-content/uploads/2022/11/new-checkmark.png]
[www.trustedconsumersreviews.com/wp-content/uploads/2022/11/con_.png]
[dv10wrybufwul.cloudfront.net/swissker/wp-content/uploads/2025/07/01050414/OIL-OREGANO-2.jpg]
[www.trustedconsumersreviews.com/wp-content/uploads/2026/01/3product.jpg]
[www.trustedconsumersreviews.com/wp-content/uploads/2025/11/topical-solutions.jpg]
[www.trustedconsumersreviews.com/wp-content/uploads/2026/01/6product-1.jpg]
[www.trustedconsumersreviews.com/wp-content/uploads/2025/01/4-2.jpg]
[www.trustedconsumersreviews.com/wp-content/uploads/2025/01/6-2.jpg]
[www.trustedconsumersreviews.com/wp-content/uploads/2025/09/AFS-Hero-swissker.jpg]
[www.trustedconsumersreviews.com/wp-content/uploads/2025/01/Healthy-Toenails.jpg]
[dv10wrybufwul.cloudfront.net/swissker/wp-content/uploads/2025/07/01045331/AFS-reason-2048x1565-1.jpg]
[www.trustedconsumersreviews.com/wp-content/uploads/2025/09/comp-min-2.jpg]
[www.trustedconsumersreviews.com/wp-content/uploads/2025/06/AFS-364-min.jpg]
[www.trustedconsumersreviews.com/wp-content/uploads/2025/01/testimonial1.jpg]
[www.trustedconsumersreviews.com/wp-content/uploads/2025/01/testimonial2.jpg]
[www.trustedconsumersreviews.com/wp-content/uploads/2025/06/Copy-of-Copy-of-IMG_3233-min.png]
[www.trustedconsumersreviews.com/best-toenail-fungus-alternatives-stv25/index.html]
[www.googletagmanager.com/gtm5445.html]
[www.trustedconsumersreviews.com/best-toenail-fungus-alternatives-stv25/edu.html]
[www.trustedconsumersreviews.com/best-toenail-fungus-alternatives-stv25/net.html]
[www.trustedconsumersreviews.com/best-toenail-fungus-alternatives-stv25/com.html]
[www.trustedconsumersreviews.com/best-toenail-fungus-alternatives-stv25/gov.html]
